2026-05-07 11:36:18.324 Did not auto detect external IP.
Please go to https://docs.streamlit.io/ for debugging hints.
Exception in callback AppSession._on_scriptrunner_event.<locals>.<lambda>() at C:\Users\nikun\OneDrive\Desktop\majorproject\Online-Attendance\.venv\Lib\site-packages\streamlit\runtime\app_session.py:546
handle: <_ThreadSafeHandle AppSession._on_scriptrunner_event.<locals>.<lambda>() at C:\Users\nikun\OneDrive\Desktop\majorproject\Online-Attendance\.venv\Lib\site-packages\streamlit\runtime\app_session.py:546>
Traceback (most recent call last):
  File "C:\Python314\Lib\asyncio\events.py", line 94, in _run
    self._context.run(self._callback, *self._args)
    ~~~~~~~~~~~~~~~~~^^^^^^^^^^^^^^^^^^^^^^^^^^^^^
  File "C:\Users\nikun\OneDrive\Desktop\majorproject\Online-Attendance\.venv\Lib\site-packages\streamlit\runtime\app_session.py", line 546, in <lambda>
    lambda: self._handle_scriptrunner_event_on_event_loop(
            ~~~~~~~~~~~~~~~~~~~~~~~~~~~~~~~~~~~~~~~~~~~~~^
        sender,
        ^^^^^^^
    ...<6 lines>...
        pages,
        ^^^^^^
    )
    ^
  File "C:\Users\nikun\OneDrive\Desktop\majorproject\Online-Attendance\.venv\Lib\site-packages\streamlit\runtime\app_session.py", line 641, in _handle_scriptrunner_event_on_event_loop
    msg = self._create_new_session_message(
        page_script_hash, fragment_ids_this_run, pages
    )
  File "C:\Users\nikun\OneDrive\Desktop\majorproject\Online-Attendance\.venv\Lib\site-packages\streamlit\runtime\app_session.py", line 800, in _create_new_session_message
    _populate_user_info_msg(imsg.user_info)
    ~~~~~~~~~~~~~~~~~~~~~~~^^^^^^^^^^^^^^^^
  File "C:\Users\nikun\OneDrive\Desktop\majorproject\Online-Attendance\.venv\Lib\site-packages\streamlit\runtime\app_session.py", line 1297, in _populate_user_info_msg
    inst = Installation.instance()
  File "C:\Users\nikun\OneDrive\Desktop\majorproject\Online-Attendance\.venv\Lib\site-packages\streamlit\runtime\metrics_util.py", line 314, in instance
    cls._instance = Installation()
                    ~~~~~~~~~~~~^^
  File "C:\Users\nikun\OneDrive\Desktop\majorproject\Online-Attendance\.venv\Lib\site-packages\streamlit\runtime\metrics_util.py", line 323, in __init__
    self.installation_id_v4 = _get_machine_id_v4()
                              ~~~~~~~~~~~~~~~~~~^^
  File "C:\Users\nikun\OneDrive\Desktop\majorproject\Online-Attendance\.venv\Lib\site-packages\streamlit\runtime\metrics_util.py", line 295, in _get_machine_id_v4
    with file_util.streamlit_write(filepath) as output:
         ~~~~~~~~~~~~~~~~~~~~~~~~~^^^^^^^^^^
  File "C:\Python314\Lib\contextlib.py", line 141, in __enter__
    return next(self.gen)
  File "C:\Users\nikun\OneDrive\Desktop\majorproject\Online-Attendance\.venv\Lib\site-packages\streamlit\file_util.py", line 113, in streamlit_write
    os.makedirs(os.path.dirname(path), exist_ok=True)
    ~~~~~~~~~~~^^^^^^^^^^^^^^^^^^^^^^^^^^^^^^^^^^^^^^
  File "<frozen os>", line 236, in makedirs
PermissionError: [WinError 5] Access is denied: 'C:\\Users\\nikun\\.streamlit'
Exception in callback AppSession._on_scriptrunner_event.<locals>.<lambda>() at C:\Users\nikun\OneDrive\Desktop\majorproject\Online-Attendance\.venv\Lib\site-packages\streamlit\runtime\app_session.py:546
handle: <_ThreadSafeHandle AppSession._on_scriptrunner_event.<locals>.<lambda>() at C:\Users\nikun\OneDrive\Desktop\majorproject\Online-Attendance\.venv\Lib\site-packages\streamlit\runtime\app_session.py:546>
Traceback (most recent call last):
  File "C:\Python314\Lib\asyncio\events.py", line 94, in _run
    self._context.run(self._callback, *self._args)
    ~~~~~~~~~~~~~~~~~^^^^^^^^^^^^^^^^^^^^^^^^^^^^^
  File "C:\Users\nikun\OneDrive\Desktop\majorproject\Online-Attendance\.venv\Lib\site-packages\streamlit\runtime\app_session.py", line 546, in <lambda>
    lambda: self._handle_scriptrunner_event_on_event_loop(
            ~~~~~~~~~~~~~~~~~~~~~~~~~~~~~~~~~~~~~~~~~~~~~^
        sender,
        ^^^^^^^
    ...<6 lines>...
        pages,
        ^^^^^^
    )
    ^
  File "C:\Users\nikun\OneDrive\Desktop\majorproject\Online-Attendance\.venv\Lib\site-packages\streamlit\runtime\app_session.py", line 641, in _handle_scriptrunner_event_on_event_loop
    msg = self._create_new_session_message(
        page_script_hash, fragment_ids_this_run, pages
    )
  File "C:\Users\nikun\OneDrive\Desktop\majorproject\Online-Attendance\.venv\Lib\site-packages\streamlit\runtime\app_session.py", line 800, in _create_new_session_message
    _populate_user_info_msg(imsg.user_info)
    ~~~~~~~~~~~~~~~~~~~~~~~^^^^^^^^^^^^^^^^
  File "C:\Users\nikun\OneDrive\Desktop\majorproject\Online-Attendance\.venv\Lib\site-packages\streamlit\runtime\app_session.py", line 1297, in _populate_user_info_msg
    inst = Installation.instance()
  File "C:\Users\nikun\OneDrive\Desktop\majorproject\Online-Attendance\.venv\Lib\site-packages\streamlit\runtime\metrics_util.py", line 314, in instance
    cls._instance = Installation()
                    ~~~~~~~~~~~~^^
  File "C:\Users\nikun\OneDrive\Desktop\majorproject\Online-Attendance\.venv\Lib\site-packages\streamlit\runtime\metrics_util.py", line 323, in __init__
    self.installation_id_v4 = _get_machine_id_v4()
                              ~~~~~~~~~~~~~~~~~~^^
  File "C:\Users\nikun\OneDrive\Desktop\majorproject\Online-Attendance\.venv\Lib\site-packages\streamlit\runtime\metrics_util.py", line 295, in _get_machine_id_v4
    with file_util.streamlit_write(filepath) as output:
         ~~~~~~~~~~~~~~~~~~~~~~~~~^^^^^^^^^^
  File "C:\Python314\Lib\contextlib.py", line 141, in __enter__
    return next(self.gen)
  File "C:\Users\nikun\OneDrive\Desktop\majorproject\Online-Attendance\.venv\Lib\site-packages\streamlit\file_util.py", line 113, in streamlit_write
    os.makedirs(os.path.dirname(path), exist_ok=True)
    ~~~~~~~~~~~^^^^^^^^^^^^^^^^^^^^^^^^^^^^^^^^^^^^^^
  File "<frozen os>", line 236, in makedirs
PermissionError: [WinError 5] Access is denied: 'C:\\Users\\nikun\\.streamlit'
Exception in callback AppSession._on_scriptrunner_event.<locals>.<lambda>() at C:\Users\nikun\OneDrive\Desktop\majorproject\Online-Attendance\.venv\Lib\site-packages\streamlit\runtime\app_session.py:546
handle: <_ThreadSafeHandle AppSession._on_scriptrunner_event.<locals>.<lambda>() at C:\Users\nikun\OneDrive\Desktop\majorproject\Online-Attendance\.venv\Lib\site-packages\streamlit\runtime\app_session.py:546>
Traceback (most recent call last):
  File "C:\Python314\Lib\asyncio\events.py", line 94, in _run
    self._context.run(self._callback, *self._args)
    ~~~~~~~~~~~~~~~~~^^^^^^^^^^^^^^^^^^^^^^^^^^^^^
  File "C:\Users\nikun\OneDrive\Desktop\majorproject\Online-Attendance\.venv\Lib\site-packages\streamlit\runtime\app_session.py", line 546, in <lambda>
    lambda: self._handle_scriptrunner_event_on_event_loop(
            ~~~~~~~~~~~~~~~~~~~~~~~~~~~~~~~~~~~~~~~~~~~~~^
        sender,
        ^^^^^^^
    ...<6 lines>...
        pages,
        ^^^^^^
    )
    ^
  File "C:\Users\nikun\OneDrive\Desktop\majorproject\Online-Attendance\.venv\Lib\site-packages\streamlit\runtime\app_session.py", line 641, in _handle_scriptrunner_event_on_event_loop
    msg = self._create_new_session_message(
        page_script_hash, fragment_ids_this_run, pages
    )
  File "C:\Users\nikun\OneDrive\Desktop\majorproject\Online-Attendance\.venv\Lib\site-packages\streamlit\runtime\app_session.py", line 800, in _create_new_session_message
    _populate_user_info_msg(imsg.user_info)
    ~~~~~~~~~~~~~~~~~~~~~~~^^^^^^^^^^^^^^^^
  File "C:\Users\nikun\OneDrive\Desktop\majorproject\Online-Attendance\.venv\Lib\site-packages\streamlit\runtime\app_session.py", line 1297, in _populate_user_info_msg
    inst = Installation.instance()
  File "C:\Users\nikun\OneDrive\Desktop\majorproject\Online-Attendance\.venv\Lib\site-packages\streamlit\runtime\metrics_util.py", line 314, in instance
    cls._instance = Installation()
                    ~~~~~~~~~~~~^^
  File "C:\Users\nikun\OneDrive\Desktop\majorproject\Online-Attendance\.venv\Lib\site-packages\streamlit\runtime\metrics_util.py", line 323, in __init__
    self.installation_id_v4 = _get_machine_id_v4()
                              ~~~~~~~~~~~~~~~~~~^^
  File "C:\Users\nikun\OneDrive\Desktop\majorproject\Online-Attendance\.venv\Lib\site-packages\streamlit\runtime\metrics_util.py", line 295, in _get_machine_id_v4
    with file_util.streamlit_write(filepath) as output:
         ~~~~~~~~~~~~~~~~~~~~~~~~~^^^^^^^^^^
  File "C:\Python314\Lib\contextlib.py", line 141, in __enter__
    return next(self.gen)
  File "C:\Users\nikun\OneDrive\Desktop\majorproject\Online-Attendance\.venv\Lib\site-packages\streamlit\file_util.py", line 113, in streamlit_write
    os.makedirs(os.path.dirname(path), exist_ok=True)
    ~~~~~~~~~~~^^^^^^^^^^^^^^^^^^^^^^^^^^^^^^^^^^^^^^
  File "<frozen os>", line 236, in makedirs
PermissionError: [WinError 5] Access is denied: 'C:\\Users\\nikun\\.streamlit'
Exception in callback AppSession._on_scriptrunner_event.<locals>.<lambda>() at C:\Users\nikun\OneDrive\Desktop\majorproject\Online-Attendance\.venv\Lib\site-packages\streamlit\runtime\app_session.py:546
handle: <_ThreadSafeHandle AppSession._on_scriptrunner_event.<locals>.<lambda>() at C:\Users\nikun\OneDrive\Desktop\majorproject\Online-Attendance\.venv\Lib\site-packages\streamlit\runtime\app_session.py:546>
Traceback (most recent call last):
  File "C:\Python314\Lib\asyncio\events.py", line 94, in _run
    self._context.run(self._callback, *self._args)
    ~~~~~~~~~~~~~~~~~^^^^^^^^^^^^^^^^^^^^^^^^^^^^^
  File "C:\Users\nikun\OneDrive\Desktop\majorproject\Online-Attendance\.venv\Lib\site-packages\streamlit\runtime\app_session.py", line 546, in <lambda>
    lambda: self._handle_scriptrunner_event_on_event_loop(
            ~~~~~~~~~~~~~~~~~~~~~~~~~~~~~~~~~~~~~~~~~~~~~^
        sender,
        ^^^^^^^
    ...<6 lines>...
        pages,
        ^^^^^^
    )
    ^
  File "C:\Users\nikun\OneDrive\Desktop\majorproject\Online-Attendance\.venv\Lib\site-packages\streamlit\runtime\app_session.py", line 641, in _handle_scriptrunner_event_on_event_loop
    msg = self._create_new_session_message(
        page_script_hash, fragment_ids_this_run, pages
    )
  File "C:\Users\nikun\OneDrive\Desktop\majorproject\Online-Attendance\.venv\Lib\site-packages\streamlit\runtime\app_session.py", line 800, in _create_new_session_message
    _populate_user_info_msg(imsg.user_info)
    ~~~~~~~~~~~~~~~~~~~~~~~^^^^^^^^^^^^^^^^
  File "C:\Users\nikun\OneDrive\Desktop\majorproject\Online-Attendance\.venv\Lib\site-packages\streamlit\runtime\app_session.py", line 1297, in _populate_user_info_msg
    inst = Installation.instance()
  File "C:\Users\nikun\OneDrive\Desktop\majorproject\Online-Attendance\.venv\Lib\site-packages\streamlit\runtime\metrics_util.py", line 314, in instance
    cls._instance = Installation()
                    ~~~~~~~~~~~~^^
  File "C:\Users\nikun\OneDrive\Desktop\majorproject\Online-Attendance\.venv\Lib\site-packages\streamlit\runtime\metrics_util.py", line 323, in __init__
    self.installation_id_v4 = _get_machine_id_v4()
                              ~~~~~~~~~~~~~~~~~~^^
  File "C:\Users\nikun\OneDrive\Desktop\majorproject\Online-Attendance\.venv\Lib\site-packages\streamlit\runtime\metrics_util.py", line 295, in _get_machine_id_v4
    with file_util.streamlit_write(filepath) as output:
         ~~~~~~~~~~~~~~~~~~~~~~~~~^^^^^^^^^^
  File "C:\Python314\Lib\contextlib.py", line 141, in __enter__
    return next(self.gen)
  File "C:\Users\nikun\OneDrive\Desktop\majorproject\Online-Attendance\.venv\Lib\site-packages\streamlit\file_util.py", line 113, in streamlit_write
    os.makedirs(os.path.dirname(path), exist_ok=True)
    ~~~~~~~~~~~^^^^^^^^^^^^^^^^^^^^^^^^^^^^^^^^^^^^^^
  File "<frozen os>", line 236, in makedirs
PermissionError: [WinError 5] Access is denied: 'C:\\Users\\nikun\\.streamlit'
Exception in callback AppSession._on_scriptrunner_event.<locals>.<lambda>() at C:\Users\nikun\OneDrive\Desktop\majorproject\Online-Attendance\.venv\Lib\site-packages\streamlit\runtime\app_session.py:546
handle: <_ThreadSafeHandle AppSession._on_scriptrunner_event.<locals>.<lambda>() at C:\Users\nikun\OneDrive\Desktop\majorproject\Online-Attendance\.venv\Lib\site-packages\streamlit\runtime\app_session.py:546>
Traceback (most recent call last):
  File "C:\Python314\Lib\asyncio\events.py", line 94, in _run
    self._context.run(self._callback, *self._args)
    ~~~~~~~~~~~~~~~~~^^^^^^^^^^^^^^^^^^^^^^^^^^^^^
  File "C:\Users\nikun\OneDrive\Desktop\majorproject\Online-Attendance\.venv\Lib\site-packages\streamlit\runtime\app_session.py", line 546, in <lambda>
    lambda: self._handle_scriptrunner_event_on_event_loop(
            ~~~~~~~~~~~~~~~~~~~~~~~~~~~~~~~~~~~~~~~~~~~~~^
        sender,
        ^^^^^^^
    ...<6 lines>...
        pages,
        ^^^^^^
    )
    ^
  File "C:\Users\nikun\OneDrive\Desktop\majorproject\Online-Attendance\.venv\Lib\site-packages\streamlit\runtime\app_session.py", line 641, in _handle_scriptrunner_event_on_event_loop
    msg = self._create_new_session_message(
        page_script_hash, fragment_ids_this_run, pages
    )
  File "C:\Users\nikun\OneDrive\Desktop\majorproject\Online-Attendance\.venv\Lib\site-packages\streamlit\runtime\app_session.py", line 800, in _create_new_session_message
    _populate_user_info_msg(imsg.user_info)
    ~~~~~~~~~~~~~~~~~~~~~~~^^^^^^^^^^^^^^^^
  File "C:\Users\nikun\OneDrive\Desktop\majorproject\Online-Attendance\.venv\Lib\site-packages\streamlit\runtime\app_session.py", line 1297, in _populate_user_info_msg
    inst = Installation.instance()
  File "C:\Users\nikun\OneDrive\Desktop\majorproject\Online-Attendance\.venv\Lib\site-packages\streamlit\runtime\metrics_util.py", line 314, in instance
    cls._instance = Installation()
                    ~~~~~~~~~~~~^^
  File "C:\Users\nikun\OneDrive\Desktop\majorproject\Online-Attendance\.venv\Lib\site-packages\streamlit\runtime\metrics_util.py", line 323, in __init__
    self.installation_id_v4 = _get_machine_id_v4()
                              ~~~~~~~~~~~~~~~~~~^^
  File "C:\Users\nikun\OneDrive\Desktop\majorproject\Online-Attendance\.venv\Lib\site-packages\streamlit\runtime\metrics_util.py", line 295, in _get_machine_id_v4
    with file_util.streamlit_write(filepath) as output:
         ~~~~~~~~~~~~~~~~~~~~~~~~~^^^^^^^^^^
  File "C:\Python314\Lib\contextlib.py", line 141, in __enter__
    return next(self.gen)
  File "C:\Users\nikun\OneDrive\Desktop\majorproject\Online-Attendance\.venv\Lib\site-packages\streamlit\file_util.py", line 113, in streamlit_write
    os.makedirs(os.path.dirname(path), exist_ok=True)
    ~~~~~~~~~~~^^^^^^^^^^^^^^^^^^^^^^^^^^^^^^^^^^^^^^
  File "<frozen os>", line 236, in makedirs
PermissionError: [WinError 5] Access is denied: 'C:\\Users\\nikun\\.streamlit'
